Traceback (most recent call last):
  File "/usr/local/python/3.12.1/lib/python3.12/site-packages/jupyter_cache/executors/utils.py", line 58, in single_nb_execution
    executenb(
  File "/usr/local/python/3.12.1/lib/python3.12/site-packages/nbclient/client.py", line 1319, in execute
    return NotebookClient(nb=nb, resources=resources, km=km, **kwargs).execute()
           ^^^^^^^^^^^^^^^^^^^^^^^^^^^^^^^^^^^^^^^^^^^^^^^^^^^^^^^^^^^^^^^^^^^^^
  File "/usr/local/python/3.12.1/lib/python3.12/site-packages/jupyter_core/utils/__init__.py", line 165, in wrapped
    return loop.run_until_complete(inner)
           ^^^^^^^^^^^^^^^^^^^^^^^^^^^^^^
  File "/usr/local/python/3.12.1/lib/python3.12/asyncio/base_events.py", line 684, in run_until_complete
    return future.result()
           ^^^^^^^^^^^^^^^
  File "/usr/local/python/3.12.1/lib/python3.12/site-packages/nbclient/client.py", line 709, in async_execute
    await self.async_execute_cell(
  File "/usr/local/python/3.12.1/lib/python3.12/site-packages/nbclient/client.py", line 1062, in async_execute_cell
    await self._check_raise_for_error(cell, cell_index, exec_reply)
  File "/usr/local/python/3.12.1/lib/python3.12/site-packages/nbclient/client.py", line 918, in _check_raise_for_error
    raise CellExecutionError.from_cell_and_msg(cell, exec_reply_content)
nbclient.exceptions.CellExecutionError: An error occurred while executing the following cell:
------------------
import gradio as gr
import matplotlib.pyplot as plt
import re  # Import modul Regex untuk pemisahan teks yang lebih canggih

# --- FUNGSI KLASIFIKASI SUPER FLEKSIBEL ---
def classify_traffic(input_text, use_example_idx):
    try:
        data_to_predict = None
        input_source = ""
        actual_label = "-"

        # 1. Cek Input Manual Terlebih Dahulu
        if input_text is not None and input_text.strip() != "":
            try:
                # --- LOGIKA BARU: MEMISAHKAN ANGKA ---
                # re.split akan memotong teks berdasarkan:
                # [,\s\n]+  --> Koma, Spasi, atau Enter (Newline)
                # input_text.strip() untuk buang spasi di awal/akhir
                
                raw_values = re.split(r'[,\s\n\t]+', input_text.strip())
                
                # Filter: Hapus string kosong jika ada (akibat spasi ganda dsb)
                values = [float(x) for x in raw_values if x != ""]
                
                if len(values) == 0:
                    return "Error: Tidak ada angka yang terbaca.", None

                # Reshape ke format model (Batch, Length, Channel)
                data_arr = np.array(values).reshape(1, -1, 1)
                
                data_to_predict = data_arr
                actual_label = "Tidak diketahui (Input Manual)"
                input_source = "Input Manual (Fleksibel)"
                
            except ValueError:
                return "Error: Input mengandung huruf atau simbol yang bukan angka.", None

        # 2. Jika Input Manual kosong, Cek Index
        elif use_example_idx is not None:
            idx = int(use_example_idx)
            if idx < 0 or idx >= len(X_deploy):
                return f"Error: Index {idx} di luar jangkauan (0 - {len(X_deploy)-1}).", None
            
            data_to_predict = X_deploy[idx].reshape(1, -1, 1)
            actual_label = str(y_deploy[idx])
            input_source = f"Data Implementasi Index ke-{idx}"
        
        else:
            return "Mohon isi Input Manual atau Pilih Index.", None

        # --- Lakukan Prediksi ---
        prediction = knn_dtw.predict(data_to_predict)[0]
        
        # --- Plotting ---
        fig = plt.figure(figsize=(10, 4))
        plt.plot(data_to_predict[0].ravel(), color='blue', label='Input Series')
        plt.title(f"Waveform Input\nPrediksi Model: KELAS {prediction}")
        plt.xlabel("Waktu")
        plt.ylabel("Volume")
        plt.grid(True, alpha=0.3)
        plt.legend()
        plt.tight_layout()
        
        plot_path = "prediction_plot_flex.png"
        plt.savefig(plot_path)
        plt.close()

        result_text = (
            f"Sumber Data: {input_source}\n"
            f"Panjang Data: {data_to_predict.shape[1]} titik waktu\n"
            f"Label Asli (jika ada): {actual_label}\n"
            f"----------------------------------\n"
            f"HASIL PREDIKSI: KELAS {prediction}\n"
        )
        
        return result_text, plot_path

    except Exception as e:
        return f"System Error: {str(e)}", None

# --- ANTARMUKA GRADIO ---
with gr.Blocks() as demo:
    gr.Markdown("# Klasifikasi Time Series: DodgerLoopWeekend")
    
    with gr.Row():
        with gr.Column():
            inp_text = gr.Textbox(
                label="1. Input Manual (Bebas Format: Spasi/Koma/Enter)", 
                placeholder="Paste data angka di sini...",
                lines=8
            )
            inp_idx = gr.Number(
                label="2. Atau Gunakan Index Data Deploy", 
                value=None,
                precision=0
            )
            btn = gr.Button("Prediksi", variant="primary")
            
        with gr.Column():
            out_text = gr.Textbox(label="Hasil Analisis")
            out_plot = gr.Image(label="Visualisasi Sinyal")

    btn.click(fn=classify_traffic, inputs=[inp_text, inp_idx], outputs=[out_text, out_plot])

print("Menjalankan Gradio...")
demo.launch()
------------------


[31m---------------------------------------------------------------------------[39m
[31mModuleNotFoundError[39m                       Traceback (most recent call last)
[36mCell[39m[36m [39m[32mIn[7][39m[32m, line 1[39m
[32m----> [39m[32m1[39m [38;5;28;01mimport[39;00m[38;5;250m [39m[34;01mgradio[39;00m[38;5;250m [39m[38;5;28;01mas[39;00m[38;5;250m [39m[34;01mgr[39;00m
[32m      2[39m [38;5;28;01mimport[39;00m[38;5;250m [39m[34;01mmatplotlib[39;00m[34;01m.[39;00m[34;01mpyplot[39;00m[38;5;250m [39m[38;5;28;01mas[39;00m[38;5;250m [39m[34;01mplt[39;00m
[32m      3[39m [38;5;28;01mimport[39;00m[38;5;250m [39m[34;01mre[39;00m  [38;5;66;03m# Import modul Regex untuk pemisahan teks yang lebih canggih[39;00m

[31mModuleNotFoundError[39m: No module named 'gradio'

