Traceback (most recent call last):
  File "/usr/local/python/3.12.1/lib/python3.12/site-packages/jupyter_cache/executors/utils.py", line 58, in single_nb_execution
    executenb(
  File "/usr/local/python/3.12.1/lib/python3.12/site-packages/nbclient/client.py", line 1319, in execute
    return NotebookClient(nb=nb, resources=resources, km=km, **kwargs).execute()
           ^^^^^^^^^^^^^^^^^^^^^^^^^^^^^^^^^^^^^^^^^^^^^^^^^^^^^^^^^^^^^^^^^^^^^
  File "/usr/local/python/3.12.1/lib/python3.12/site-packages/jupyter_core/utils/__init__.py", line 165, in wrapped
    return loop.run_until_complete(inner)
           ^^^^^^^^^^^^^^^^^^^^^^^^^^^^^^
  File "/usr/local/python/3.12.1/lib/python3.12/asyncio/base_events.py", line 684, in run_until_complete
    return future.result()
           ^^^^^^^^^^^^^^^
  File "/usr/local/python/3.12.1/lib/python3.12/site-packages/nbclient/client.py", line 709, in async_execute
    await self.async_execute_cell(
  File "/usr/local/python/3.12.1/lib/python3.12/site-packages/nbclient/client.py", line 1062, in async_execute_cell
    await self._check_raise_for_error(cell, cell_index, exec_reply)
  File "/usr/local/python/3.12.1/lib/python3.12/site-packages/nbclient/client.py", line 918, in _check_raise_for_error
    raise CellExecutionError.from_cell_and_msg(cell, exec_reply_content)
nbclient.exceptions.CellExecutionError: An error occurred while executing the following cell:
------------------
import numpy as np
import pandas as pd
import matplotlib.pyplot as plt
import seaborn as sns
from tslearn.datasets import UCR_UEA_datasets
from tslearn.preprocessing import TimeSeriesScalerMinMax

# --- Konfigurasi ---
DATASET_NAME = "DodgerLoopWeekend"

print(f"Sedang memuat dataset {DATASET_NAME}...")

# Menggunakan loader dari tslearn untuk mengambil data UCR secara otomatis
# Jika gagal load online, kamu bisa ganti bagian ini dengan load file lokal
loader = UCR_UEA_datasets()
X_train_org, y_train_org, X_test_org, y_test_org = loader.load_dataset(DATASET_NAME)

print("\n--- Statistik Awal Data Asli (Sebelum Digabung) ---")
print(f"Jumlah Train Asli: {X_train_org.shape[0]}")
print(f"Jumlah Test Asli : {X_test_org.shape[0]}")
print(f"Panjang Series   : {X_train_org.shape[1]}")
print(f"Jumlah Channel   : {X_train_org.shape[2]} (Univariate)")

# --- Analisis Kelas dan Tipe Data ---
unique_classes, counts = np.unique(y_train_org, return_counts=True)
print(f"\nKelas yang tersedia: {unique_classes}")
# Biasanya kelas 1 = Game, 2 = No Game (atau sebaliknya, kita perlu cek dokumentasi/visualisasi)

# Visualisasi Data Mentah
# Mencari index pertama yang mewakili masing-masing kelas untuk sampel
idx_class_1 = np.where(y_train_org == 1)[0][0]
idx_class_2 = np.where(y_train_org == 2)[0][0]

# Ukuran diperlebar lagi (24, 6) agar muat 4 plot dengan jelas
plt.figure(figsize=(24, 6))

# Plot 1: Contoh Waveform Kelas 1
plt.subplot(1, 4, 1)
plt.plot(X_train_org[idx_class_1].ravel(), color='blue')
plt.title(f"Contoh Waveform (Kelas 1)\nIndex: {idx_class_1}")
plt.xlabel("Waktu")
plt.ylabel("Volume Kendaraan")
plt.grid(True, alpha=0.3)

# Plot 2: Contoh Waveform Kelas 2
plt.subplot(1, 4, 2)
plt.plot(X_train_org[idx_class_2].ravel(), color='orange')
plt.title(f"Contoh Waveform (Kelas 2)\nIndex: {idx_class_2}")
plt.xlabel("Waktu")
plt.grid(True, alpha=0.3)

plt.tight_layout()
plt.show()
------------------


[31m---------------------------------------------------------------------------[39m
[31mModuleNotFoundError[39m                       Traceback (most recent call last)
[36mCell[39m[36m [39m[32mIn[1][39m[32m, line 5[39m
[32m      3[39m [38;5;28;01mimport[39;00m[38;5;250m [39m[34;01mmatplotlib[39;00m[34;01m.[39;00m[34;01mpyplot[39;00m[38;5;250m [39m[38;5;28;01mas[39;00m[38;5;250m [39m[34;01mplt[39;00m
[32m      4[39m [38;5;28;01mimport[39;00m[38;5;250m [39m[34;01mseaborn[39;00m[38;5;250m [39m[38;5;28;01mas[39;00m[38;5;250m [39m[34;01msns[39;00m
[32m----> [39m[32m5[39m [38;5;28;01mfrom[39;00m[38;5;250m [39m[34;01mtslearn[39;00m[34;01m.[39;00m[34;01mdatasets[39;00m[38;5;250m [39m[38;5;28;01mimport[39;00m UCR_UEA_datasets
[32m      6[39m [38;5;28;01mfrom[39;00m[38;5;250m [39m[34;01mtslearn[39;00m[34;01m.[39;00m[34;01mpreprocessing[39;00m[38;5;250m [39m[38;5;28;01mimport[39;00m TimeSeriesScalerMinMax
[32m      8[39m [38;5;66;03m# --- Konfigurasi ---[39;00m

[31mModuleNotFoundError[39m: No module named 'tslearn'

